// Jest Snapshot v1, https://goo.gl/fbAQLP

exports[`renders correctly 1`] = `
<div
  className="container"
>
  <div
    className="row"
    style={
      Object {
        "alignItems": "center",
      }
    }
  >
    <div
      className="col-lg-3"
      style={
        Object {
          "marginTop": "3%",
          "width": "20%",
        }
      }
    >
      <img
        alt="Logo"
        src="https://assets.splitwise.com/assets/core/logo-square-65a6124237868b1d2ce2f5db2ab0b7c777e2348b797626816400534116ae22d7.svg"
        style={
          Object {
            "width": "17rem",
          }
        }
      />
    </div>
    <div
      className="col-lg-3"
    >
      <div
        className="col"
        style={
          Object {
            "textAlign": "center",
          }
        }
      >
        <div
          className="form-group"
        >
          <label
            className="form-label"
            htmlFor="imageUplaod"
          >
            <h5>
              Your avatar
            </h5>
          </label>
          <div
            onBlur={[Function]}
            onClick={[Function]}
            onDragEnter={[Function]}
            onDragLeave={[Function]}
            onDragOver={[Function]}
            onDrop={[Function]}
            onFocus={[Function]}
            onKeyDown={[Function]}
            tabIndex={0}
          >
            <input
              autoComplete="off"
              multiple={true}
              onChange={[Function]}
              onClick={[Function]}
              style={
                Object {
                  "display": "none",
                }
              }
              tabIndex={-1}
              type="file"
            />
          </div>
          <h5>
            Drop images or click to upload
          </h5>
        </div>
      </div>
    </div>
    <div
      className="col-lg-6"
    >
      <div
        className="card"
        style={
          Object {
            "width": "35rem",
          }
        }
      >
        <form
          className=""
        >
          <div
            className="form-group"
          >
            <label
              className="form-label"
              htmlFor="formFirstNameView"
            >
              First name
            </label>
            <div
              style={
                Object {
                  "alignItems": "baseline",
                  "display": "flex",
                }
              }
            >
              <label
                className="form-label"
                htmlFor="formFirstNameView"
              >
                Michael
              </label>
                 
              <svg
                fill="currentColor"
                height="1em"
                onClick={[Function]}
                stroke="currentColor"
                strokeWidth="0"
                style={
                  Object {
                    "color": undefined,
                  }
                }
                viewBox="0 0 24 24"
                width="1em"
                xmlns="http://www.w3.org/2000/svg"
              >
                <path
                  d="M14,4 L20,10 L14,4 Z M22.2942268,5.29422684 C22.6840146,5.68401459 22.6812861,6.3187139 22.2864907,6.71350932 L9,20 L2,22 L4,15 L17.2864907,1.71350932 C17.680551,1.319449 18.3127724,1.31277239 18.7057732,1.70577316 L22.2942268,5.29422684 Z M3,19 L5,21 M7,17 L15,9"
                  fill="none"
                  stroke="#000"
                  strokeWidth="2"
                />
              </svg>
            </div>
          </div>
          <div
            className="form-group"
          >
            <label
              className="form-label"
              htmlFor="formLastNameView"
            >
              Last name
            </label>
            <div
              style={
                Object {
                  "alignItems": "baseline",
                  "display": "flex",
                }
              }
            >
              <label
                className="form-label"
                htmlFor="formLastNameView"
              >
                Clarke
              </label>
                 
              <svg
                fill="currentColor"
                height="1em"
                onClick={[Function]}
                stroke="currentColor"
                strokeWidth="0"
                style={
                  Object {
                    "color": undefined,
                  }
                }
                viewBox="0 0 24 24"
                width="1em"
                xmlns="http://www.w3.org/2000/svg"
              >
                <path
                  d="M14,4 L20,10 L14,4 Z M22.2942268,5.29422684 C22.6840146,5.68401459 22.6812861,6.3187139 22.2864907,6.71350932 L9,20 L2,22 L4,15 L17.2864907,1.71350932 C17.680551,1.319449 18.3127724,1.31277239 18.7057732,1.70577316 L22.2942268,5.29422684 Z M3,19 L5,21 M7,17 L15,9"
                  fill="none"
                  stroke="#000"
                  strokeWidth="2"
                />
              </svg>
            </div>
          </div>
          <div
            className="form-group"
          >
            <div
              style={
                Object {
                  "alignItems": "baseline",
                  "display": "flex",
                  "flexDirection": "column",
                }
              }
            >
              <label
                className="form-label"
                htmlFor="formBasicEmail"
              >
                Email address
              </label>
              <label
                className="form-label"
                htmlFor="formBasicEmail"
              >
                abc@gmail.com
              </label>
            </div>
          </div>
          <div
            className="form-group"
          >
            <label
              className="form-label"
              htmlFor="formLastNameView"
            />
            <div
              style={
                Object {
                  "alignItems": "baseline",
                  "display": "flex",
                }
              }
            >
              <label
                className="form-label"
                htmlFor="formLastNameView"
              >
                ••••••••••
              </label>
                 
              <svg
                fill="currentColor"
                height="1em"
                onClick={[Function]}
                stroke="currentColor"
                strokeWidth="0"
                style={
                  Object {
                    "color": undefined,
                  }
                }
                viewBox="0 0 24 24"
                width="1em"
                xmlns="http://www.w3.org/2000/svg"
              >
                <path
                  d="M14,4 L20,10 L14,4 Z M22.2942268,5.29422684 C22.6840146,5.68401459 22.6812861,6.3187139 22.2864907,6.71350932 L9,20 L2,22 L4,15 L17.2864907,1.71350932 C17.680551,1.319449 18.3127724,1.31277239 18.7057732,1.70577316 L22.2942268,5.29422684 Z M3,19 L5,21 M7,17 L15,9"
                  fill="none"
                  stroke="#000"
                  strokeWidth="2"
                />
              </svg>
            </div>
          </div>
          <div
            className="form-group"
          >
            <label
              className="form-label"
            >
              Currency
            </label>
            <div
              className="rbt"
              style={
                Object {
                  "outline": "none",
                  "position": "relative",
                }
              }
              tabIndex={-1}
            >
              <div
                style={
                  Object {
                    "display": "flex",
                    "flex": 1,
                    "height": "100%",
                    "position": "relative",
                  }
                }
              >
                <input
                  aria-autocomplete="both"
                  aria-expanded={false}
                  aria-haspopup="listbox"
                  autoComplete="off"
                  className="rbt-input-main form-control rbt-input"
                  onBlur={[Function]}
                  onChange={[Function]}
                  onClick={[Function]}
                  onFocus={[Function]}
                  onKeyDown={[Function]}
                  placeholder="Choose a currency..."
                  role="combobox"
                  type="text"
                  value="USD"
                />
                <input
                  aria-hidden={true}
                  className="rbt-input-hint"
                  readOnly={true}
                  style={
                    Object {
                      "backgroundColor": "transparent",
                      "borderColor": "transparent",
                      "boxShadow": "none",
                      "color": "rgba(0, 0, 0, 0.35)",
                      "left": 0,
                      "pointerEvents": "none",
                      "position": "absolute",
                      "top": 0,
                      "width": "100%",
                    }
                  }
                  tabIndex={-1}
                  value=""
                />
              </div>
            </div>
          </div>
          <div
            className="form-group"
          >
            <label
              className="form-label"
            >
              Time Zone
            </label>
            <div
              className=" css-2b097c-container"
              onKeyDown={[Function]}
            >
              <span
                aria-atomic="false"
                aria-live="polite"
                aria-relevant="additions text"
                className="css-1f43avz-a11yText-A11yText"
              />
              <div
                className=" css-yk16xz-control"
                onMouseDown={[Function]}
                onTouchEnd={[Function]}
              >
                <div
                  className=" css-g1d714-ValueContainer"
                >
                  <div
                    className="css-b8ldur-Input"
                  >
                    <div
                      className=""
                      style={
                        Object {
                          "display": "inline-block",
                        }
                      }
                    >
                      <input
                        aria-autocomplete="list"
                        autoCapitalize="none"
                        autoComplete="off"
                        autoCorrect="off"
                        disabled={false}
                        id="react-select-3-input"
                        onBlur={[Function]}
                        onChange={[Function]}
                        onFocus={[Function]}
                        spellCheck="false"
                        style={
                          Object {
                            "background": 0,
                            "border": 0,
                            "boxSizing": "content-box",
                            "color": "inherit",
                            "fontSize": "inherit",
                            "label": "input",
                            "opacity": 1,
                            "outline": 0,
                            "padding": 0,
                            "width": "1px",
                          }
                        }
                        tabIndex="0"
                        type="text"
                        value="Asia/Kolkata"
                      />
                      <div
                        style={
                          Object {
                            "height": 0,
                            "left": 0,
                            "overflow": "scroll",
                            "position": "absolute",
                            "top": 0,
                            "visibility": "hidden",
                            "whiteSpace": "pre",
                          }
                        }
                      >
                        Asia/Kolkata
                      </div>
                    </div>
                  </div>
                </div>
                <div
                  className=" css-1hb7zxy-IndicatorsContainer"
                >
                  <span
                    className=" css-1okebmr-indicatorSeparator"
                  />
                  <div
                    aria-hidden="true"
                    className=" css-tlfecz-indicatorContainer"
                    onMouseDown={[Function]}
                    onTouchEnd={[Function]}
                  >
                    <svg
                      aria-hidden="true"
                      className="css-tj5bde-Svg"
                      focusable="false"
                      height={20}
                      viewBox="0 0 20 20"
                      width={20}
                    >
                      <path
                        d="M4.516 7.548c0.436-0.446 1.043-0.481 1.576 0l3.908 3.747 3.908-3.747c0.533-0.481 1.141-0.446 1.574 0 0.436 0.445 0.408 1.197 0 1.615-0.406 0.418-4.695 4.502-4.695 4.502-0.217 0.223-0.502 0.335-0.787 0.335s-0.57-0.112-0.789-0.335c0 0-4.287-4.084-4.695-4.502s-0.436-1.17 0-1.615z"
                      />
                    </svg>
                  </div>
                </div>
              </div>
            </div>
          </div>
          <button
            className="btn btn-success"
            disabled={false}
            onClick={[Function]}
            type="submit"
          >
            Submit
          </button>
        </form>
      </div>
    </div>
  </div>
</div>
`;
